// Jest Snapshot v1, https://goo.gl/fbAQLP

exports[`when the addToTeam component is mounted should initially render null before the team name is returned 1`] = `"<div><a class=\\"govuk-back-link\\" href=\\"/team-view/__teamId__\\">Back</a><div class=\\"govuk-grid-row\\"><div class=\\"govuk-grid-column-two-thirds-from-desktop\\"><table class=\\"govuk-table\\"><caption class=\\"govuk-table__caption\\">Users to be added</caption><tbody class=\\"govuk-table__body\\"><tr class=\\"govuk-table__row\\"><th scope=\\"row\\" class=\\"govuk-table__header\\">__user1__</th><td class=\\"govuk-table__cell\\"><a class=\\"govuk-link\\" href=\\"#\\">Remove<span class=\\"govuk-visually-hidden\\"> user</span></a></td></tr><tr class=\\"govuk-table__row\\"><th scope=\\"row\\" class=\\"govuk-table__header\\">__user2__</th><td class=\\"govuk-table__cell\\"><a class=\\"govuk-link\\" href=\\"#\\">Remove<span class=\\"govuk-visually-hidden\\"> user</span></a></td></tr></tbody></table></div></div><button type=\\"submit\\" class=\\"govuk-button view-team-button\\">Add selected users</button></div>"`;

exports[`when the addToTeam component is mounted should render with default props 1`] = `
<div>
  <a
    class="govuk-back-link"
    href="/team-view/__teamId__"
  >
    Back
  </a>
  <div
    class="govuk-form-group"
  >
    <h1
      class="govuk-heading-xl"
    >
      Add users
    </h1>
    <h2
      class="govuk-heading-l"
    >
      Team: __teamName__
    </h2>
    <div
      class="govuk-grid-row"
    >
      <div
        class="govuk-grid-column-one-half-from-desktop"
      >
        <div
          class="govuk-form-group"
        >
          <label
            class="govuk-label govuk-label--s"
            for="users-input"
            id="users-label"
          >
            Select Users
          </label>
          <div
            class=" css-2b097c-container"
            id="users"
          >
            <div
              class="govuk-typeahead__control css-yk16xz-control"
            >
              <div
                class="govuk-typeahead__value-container css-1hwfws3"
              >
                <div
                  class="govuk-typeahead__placeholder css-1wa3eu0-placeholder"
                >
                  Search
                </div>
                <div
                  class="css-w8afj7-Input"
                >
                  <div
                    class="govuk-typeahead__input"
                    style="display: inline-block;"
                  >
                    <input
                      aria-autocomplete="list"
                      autocapitalize="none"
                      autocomplete="off"
                      autocorrect="off"
                      id="users-input"
                      spellcheck="false"
                      style="box-sizing: content-box; width: 2px; border: 0px; font-size: inherit; opacity: 1; outline: 0; padding: 0px;"
                      tabindex="0"
                      type="text"
                      value=""
                    />
                    <div
                      style="position: absolute; top: 0px; left: 0px; visibility: hidden; height: 0px; overflow: scroll; white-space: pre; font-size: inherit; font-family: -webkit-small-control; letter-spacing: normal; text-transform: none;"
                    />
                  </div>
                </div>
              </div>
              <div
                class="govuk-typeahead__indicators css-1g48xl4-IndicatorsContainer"
              >
                <span
                  class="govuk-typeahead__indicator-separator css-1okebmr-indicatorSeparator"
                />
                <div
                  aria-hidden="true"
                  class="govuk-typeahead__indicator govuk-typeahead__dropdown-indicator css-tlfecz-indicatorContainer"
                >
                  <svg
                    aria-hidden="true"
                    class="css-tj5bde-Svg"
                    focusable="false"
                    height="20"
                    viewBox="0 0 20 20"
                    width="20"
                  >
                    <path
                      d="M4.516 7.548c0.436-0.446 1.043-0.481 1.576 0l3.908 3.747 3.908-3.747c0.533-0.481 1.141-0.446 1.574 0 0.436 0.445 0.408 1.197 0 1.615-0.406 0.418-4.695 4.502-4.695 4.502-0.217 0.223-0.502 0.335-0.787 0.335s-0.57-0.112-0.789-0.335c0 0-4.287-4.084-4.695-4.502s-0.436-1.17 0-1.615z"
                    />
                  </svg>
                </div>
              </div>
            </div>
          </div>
        </div>
      </div>
    </div>
  </div>
  <div
    class="govuk-grid-row"
  >
    <div
      class="govuk-grid-column-two-thirds-from-desktop"
    >
      <table
        class="govuk-table"
      >
        <caption
          class="govuk-table__caption"
        >
          Users to be added
        </caption>
        <tbody
          class="govuk-table__body"
        >
          <tr
            class="govuk-table__row"
          >
            <th
              class="govuk-table__header"
              scope="row"
            >
              __user1__
            </th>
            <td
              class="govuk-table__cell"
            >
              <a
                class="govuk-link"
                href="#"
              >
                Remove
                <span
                  class="govuk-visually-hidden"
                >
                   user
                </span>
              </a>
            </td>
          </tr>
          <tr
            class="govuk-table__row"
          >
            <th
              class="govuk-table__header"
              scope="row"
            >
              __user2__
            </th>
            <td
              class="govuk-table__cell"
            >
              <a
                class="govuk-link"
                href="#"
              >
                Remove
                <span
                  class="govuk-visually-hidden"
                >
                   user
                </span>
              </a>
            </td>
          </tr>
        </tbody>
      </table>
    </div>
  </div>
  <button
    class="govuk-button view-team-button"
    type="submit"
  >
    Add selected users
  </button>
</div>
`;
